<?xml version="1.0" encoding="utf-8"?>
<?AutomationStudio Version="4.5.2.102"?>
<Objects>
  <Object
    Path="C:\Users\admin\Desktop\lab4\Logical\Package.pkg"
    LogicalPath=""
    Type="Package.ParentUnknown"
    LastWriteTime="132938952159833553" />
  <Object
    Path="C:\Users\admin\Desktop\lab4\Logical\Global.typ"
    LogicalPath="Global.typ"
    Type="File"
    LastWriteTime="132938854000000000"
    Private="false" />
  <Object
    Path="C:\Users\admin\Desktop\lab4\Logical\Global.var"
    LogicalPath="Global.var"
    Type="File"
    LastWriteTime="132938951438723664"
    Private="false" />
  <Object
    Path="C:\Users\admin\Desktop\lab4\Logical\Libraries\Package.pkg"
    LogicalPath="Libraries"
    Type="Package"
    LastWriteTime="132938936220956592" />
  <Object
    Path="C:\Users\admin\Desktop\lab4\Logical\Libraries\operator\binary.lby"
    LogicalPath="Libraries.operator"
    Type="Library"
    LastWriteTime="132938854020000000" />
  <Object
    Path="C:\Users\admin\Desktop\lab4\Logical\Libraries\operator\operator.fun"
    LogicalPath="Libraries.operator.operator.fun"
    Type="File"
    LastWriteTime="132938854020000000"
    Private="false" />
  <Object
    Path="C:\Users\admin\Desktop\lab4\Logical\Libraries\operator\operator.typ"
    LogicalPath="Libraries.operator.operator.typ"
    Type="File"
    LastWriteTime="132938854020000000"
    Private="false" />
  <Object
    Path="C:\Users\admin\Desktop\lab4\Logical\Libraries\operator\operator.var"
    LogicalPath="Libraries.operator.operator.var"
    Type="File"
    LastWriteTime="132938854020000000"
    Private="false" />
  <Object
    Path="C:\Users\admin\Desktop\lab4\Logical\Libraries\Acp10man\Binary.lby"
    LogicalPath="Libraries.Acp10man"
    Type="Library"
    LastWriteTime="132938868260000000" />
  <Object
    Path="C:\Users\admin\Desktop\lab4\Logical\Libraries\Acp10man\Acp10man.typ"
    LogicalPath="Libraries.Acp10man.Acp10man.typ"
    Type="File"
    LastWriteTime="132938868260000000"
    Private="false" />
  <Object
    Path="C:\Users\admin\Desktop\lab4\Logical\Libraries\runtime\binary.lby"
    LogicalPath="Libraries.runtime"
    Type="Library"
    LastWriteTime="132938854020000000" />
  <Object
    Path="C:\Users\admin\Desktop\lab4\Logical\Libraries\runtime\runtime.fun"
    LogicalPath="Libraries.runtime.runtime.fun"
    Type="File"
    LastWriteTime="132938854020000000"
    Private="false" />
  <Object
    Path="C:\Users\admin\Desktop\lab4\Logical\Libraries\runtime\runtime.typ"
    LogicalPath="Libraries.runtime.runtime.typ"
    Type="File"
    LastWriteTime="132938854020000000"
    Private="false" />
  <Object
    Path="C:\Users\admin\Desktop\lab4\Logical\Libraries\runtime\runtime.var"
    LogicalPath="Libraries.runtime.runtime.var"
    Type="File"
    LastWriteTime="132938854020000000"
    Private="false" />
  <Object
    Path="C:\Users\admin\Desktop\lab4\Logical\Libraries\astime\binary.lby"
    LogicalPath="Libraries.astime"
    Type="Library"
    LastWriteTime="132938854020000000" />
  <Object
    Path="C:\Users\admin\Desktop\lab4\Logical\Libraries\astime\astime.fun"
    LogicalPath="Libraries.astime.astime.fun"
    Type="File"
    LastWriteTime="132938854020000000"
    Private="false" />
  <Object
    Path="C:\Users\admin\Desktop\lab4\Logical\Libraries\astime\astime.typ"
    LogicalPath="Libraries.astime.astime.typ"
    Type="File"
    LastWriteTime="132938854020000000"
    Private="false" />
  <Object
    Path="C:\Users\admin\Desktop\lab4\Logical\Libraries\astime\astime.var"
    LogicalPath="Libraries.astime.astime.var"
    Type="File"
    LastWriteTime="132938854020000000"
    Private="false" />
  <Object
    Path="C:\Users\admin\Desktop\lab4\Logical\Libraries\AsIecCon\binary.lby"
    LogicalPath="Libraries.AsIecCon"
    Type="Library"
    LastWriteTime="132938854020000000" />
  <Object
    Path="C:\Users\admin\Desktop\lab4\Logical\Libraries\AsIecCon\AsIecCon.fun"
    LogicalPath="Libraries.AsIecCon.AsIecCon.fun"
    Type="File"
    LastWriteTime="132938854020000000"
    Private="false" />
  <Object
    Path="C:\Users\admin\Desktop\lab4\Logical\Libraries\AsIecCon\AsIecCon.typ"
    LogicalPath="Libraries.AsIecCon.AsIecCon.typ"
    Type="File"
    LastWriteTime="132938854020000000"
    Private="false" />
  <Object
    Path="C:\Users\admin\Desktop\lab4\Logical\Libraries\AsIecCon\AsIecCon.var"
    LogicalPath="Libraries.AsIecCon.AsIecCon.var"
    Type="File"
    LastWriteTime="132938854020000000"
    Private="false" />
  <Object
    Path="C:\Users\admin\Desktop\lab4\Logical\Libraries\Acp10par\Binary.lby"
    LogicalPath="Libraries.Acp10par"
    Type="Library"
    LastWriteTime="132938861020000000" />
  <Object
    Path="C:\Users\admin\Desktop\lab4\Logical\Libraries\Acp10par\Acp10par.var"
    LogicalPath="Libraries.Acp10par.Acp10par.var"
    Type="File"
    LastWriteTime="132938861020000000"
    Private="false" />
  <Object
    Path="C:\Users\admin\Desktop\lab4\Logical\Libraries\NcGlobal\Binary.lby"
    LogicalPath="Libraries.NcGlobal"
    Type="Library"
    LastWriteTime="132938861020000000" />
  <Object
    Path="C:\Users\admin\Desktop\lab4\Logical\Libraries\NcGlobal\NcGlobal.fun"
    LogicalPath="Libraries.NcGlobal.NcGlobal.fun"
    Type="File"
    LastWriteTime="132938861020000000"
    Private="false" />
  <Object
    Path="C:\Users\admin\Desktop\lab4\Logical\Libraries\NcGlobal\NcGlobal.typ"
    LogicalPath="Libraries.NcGlobal.NcGlobal.typ"
    Type="File"
    LastWriteTime="132938861020000000"
    Private="false" />
  <Object
    Path="C:\Users\admin\Desktop\lab4\Logical\Libraries\NcGlobal\NcGlobal.var"
    LogicalPath="Libraries.NcGlobal.NcGlobal.var"
    Type="File"
    LastWriteTime="132938861020000000"
    Private="false" />
  <Object
    Path="C:\Users\admin\Desktop\lab4\Logical\Libraries\Acp10sdc\binary.lby"
    LogicalPath="Libraries.Acp10sdc"
    Type="Library"
    LastWriteTime="132938861120000000" />
  <Object
    Path="C:\Users\admin\Desktop\lab4\Logical\Libraries\Acp10sdc\acp10sdc.var"
    LogicalPath="Libraries.Acp10sdc.acp10sdc.var"
    Type="File"
    LastWriteTime="132938861120000000"
    Private="false" />
  <Object
    Path="C:\Users\admin\Desktop\lab4\Logical\Libraries\Acp10sdc\acp10sdc.typ"
    LogicalPath="Libraries.Acp10sdc.acp10sdc.typ"
    Type="File"
    LastWriteTime="132938861120000000"
    Private="false" />
  <Object
    Path="C:\Users\admin\Desktop\lab4\Logical\Libraries\AsBrStr\binary.lby"
    LogicalPath="Libraries.AsBrStr"
    Type="Library"
    LastWriteTime="132938861140000000" />
  <Object
    Path="C:\Users\admin\Desktop\lab4\Logical\Libraries\AsBrStr\AsBrStr.fun"
    LogicalPath="Libraries.AsBrStr.AsBrStr.fun"
    Type="File"
    LastWriteTime="132938861140000000"
    Private="false" />
  <Object
    Path="C:\Users\admin\Desktop\lab4\Logical\Libraries\AsBrStr\AsBrStr.typ"
    LogicalPath="Libraries.AsBrStr.AsBrStr.typ"
    Type="File"
    LastWriteTime="132938861140000000"
    Private="false" />
  <Object
    Path="C:\Users\admin\Desktop\lab4\Logical\Libraries\AsBrStr\AsBrStr.var"
    LogicalPath="Libraries.AsBrStr.AsBrStr.var"
    Type="File"
    LastWriteTime="132938861140000000"
    Private="false" />
  <Object
    Path="C:\Users\admin\Desktop\lab4\Logical\Libraries\Acp10_MC\binary.lby"
    LogicalPath="Libraries.Acp10_MC"
    Type="Library"
    LastWriteTime="132938865380000000" />
  <Object
    Path="C:\Users\admin\Desktop\lab4\Logical\Libraries\Acp10_MC\acp10_mc.fun"
    LogicalPath="Libraries.Acp10_MC.acp10_mc.fun"
    Type="File"
    LastWriteTime="132938865380000000"
    Private="false" />
  <Object
    Path="C:\Users\admin\Desktop\lab4\Logical\Libraries\Acp10_MC\acp10_mc.typ"
    LogicalPath="Libraries.Acp10_MC.acp10_mc.typ"
    Type="File"
    LastWriteTime="132938865380000000"
    Private="false" />
  <Object
    Path="C:\Users\admin\Desktop\lab4\Logical\Libraries\Acp10_MC\acp10_mc.var"
    LogicalPath="Libraries.Acp10_MC.acp10_mc.var"
    Type="File"
    LastWriteTime="132938865380000000"
    Private="false" />
  <Object
    Path="C:\Users\admin\Desktop\lab4\Logical\Libraries\brsystem\binary.lby"
    LogicalPath="Libraries.brsystem"
    Type="Library"
    LastWriteTime="132938865380000000" />
  <Object
    Path="C:\Users\admin\Desktop\lab4\Logical\Libraries\brsystem\brsystem.fun"
    LogicalPath="Libraries.brsystem.brsystem.fun"
    Type="File"
    LastWriteTime="132938865380000000"
    Private="false" />
  <Object
    Path="C:\Users\admin\Desktop\lab4\Logical\Libraries\brsystem\brsystem.typ"
    LogicalPath="Libraries.brsystem.brsystem.typ"
    Type="File"
    LastWriteTime="132938865380000000"
    Private="false" />
  <Object
    Path="C:\Users\admin\Desktop\lab4\Logical\Libraries\brsystem\brsystem.var"
    LogicalPath="Libraries.brsystem.brsystem.var"
    Type="File"
    LastWriteTime="132938865380000000"
    Private="false" />
  <Object
    Path="C:\Users\admin\Desktop\lab4\Logical\Libraries\sys_lib\binary.lby"
    LogicalPath="Libraries.sys_lib"
    Type="Library"
    LastWriteTime="132938865380000000" />
  <Object
    Path="C:\Users\admin\Desktop\lab4\Logical\Libraries\sys_lib\sys_lib.fun"
    LogicalPath="Libraries.sys_lib.sys_lib.fun"
    Type="File"
    LastWriteTime="132938865380000000"
    Private="false" />
  <Object
    Path="C:\Users\admin\Desktop\lab4\Logical\Libraries\sys_lib\sys_lib.typ"
    LogicalPath="Libraries.sys_lib.sys_lib.typ"
    Type="File"
    LastWriteTime="132938865380000000"
    Private="false" />
  <Object
    Path="C:\Users\admin\Desktop\lab4\Logical\Libraries\sys_lib\sys_lib.var"
    LogicalPath="Libraries.sys_lib.sys_lib.var"
    Type="File"
    LastWriteTime="132938865380000000"
    Private="false" />
  <Object
    Path="C:\Users\admin\Desktop\lab4\Logical\Libraries\Library\ANSIC.lby"
    LogicalPath="Libraries.Library"
    Type="Library"
    LastWriteTime="132938938127102368" />
  <Object
    Path="C:\Users\admin\Desktop\lab4\Logical\Libraries\Library\Types.typ"
    LogicalPath="Libraries.Library.Types.typ"
    Type="File"
    LastWriteTime="132938936220806987"
    Private="false" />
  <Object
    Path="C:\Users\admin\Desktop\lab4\Logical\Libraries\Library\Constants.var"
    LogicalPath="Libraries.Library.Constants.var"
    Type="File"
    LastWriteTime="132938958045845525"
    Private="false" />
  <Object
    Path="C:\Users\admin\Desktop\lab4\Logical\Libraries\Library\Library.fun"
    LogicalPath="Libraries.Library.Library.fun"
    Type="File"
    LastWriteTime="132938960356067886"
    Private="false" />
  <Object
    Path="C:\Users\admin\Desktop\lab4\Logical\Libraries\Library\DRIVE.c"
    LogicalPath="Libraries.Library.DRIVE.c"
    Type="File"
    LastWriteTime="132938956449214070"
    Private="false" />
  <Object
    Path="C:\Users\admin\Desktop\lab4\Logical\acp10etxen\Ett.dob"
    LogicalPath="acp10etxen"
    Type="DataObject"
    LastWriteTime="132938861120000000" />
  <Object
    Path="C:\Users\admin\Desktop\lab4\Logical\acp10etxen\acp10etxen.ett"
    LogicalPath="acp10etxen.acp10etxen.ett"
    Type="File"
    LastWriteTime="132938861120000000"
    Private="false" />
  <Object
    Path="C:\Users\admin\Desktop\lab4\Logical\ncsdcctrl\IEC.prg"
    LogicalPath="ncsdcctrl"
    Type="Program"
    LastWriteTime="132938865380000000" />
  <Object
    Path="C:\Users\admin\Desktop\lab4\Logical\ncsdcctrl\ncsdcctrlCyclic.st"
    LogicalPath="ncsdcctrl.ncsdcctrlCyclic.st"
    Type="File"
    LastWriteTime="132938865380000000"
    Private="false" />
  <Object
    Path="C:\Users\admin\Desktop\lab4\Logical\ncsdcctrl\ncsdcctrlInit.st"
    LogicalPath="ncsdcctrl.ncsdcctrlInit.st"
    Type="File"
    LastWriteTime="132938865380000000"
    Private="false" />
  <Object
    Path="C:\Users\admin\Desktop\lab4\Logical\ncsdcctrl\ncsdcctrl.typ"
    LogicalPath="ncsdcctrl.ncsdcctrl.typ"
    Type="File"
    LastWriteTime="132938865380000000"
    Private="true" />
  <Object
    Path="C:\Users\admin\Desktop\lab4\Logical\ncsdcctrl\ncsdcctrl.var"
    LogicalPath="ncsdcctrl.ncsdcctrl.var"
    Type="File"
    LastWriteTime="132938865400000000"
    Private="true" />
  <Object
    Path="C:\Users\admin\Desktop\lab4\Logical\gAxis01obj\Package.pkg"
    LogicalPath="gAxis01obj"
    Type="Package"
    LastWriteTime="132938865400000000" />
  <Object
    Path="C:\Users\admin\Desktop\lab4\Logical\gAxis01obj\gAxis01a\Apt.dob"
    LogicalPath="gAxis01obj.gAxis01a"
    Type="DataObject"
    LastWriteTime="132938865400000000" />
  <Object
    Path="C:\Users\admin\Desktop\lab4\Logical\gAxis01obj\gAxis01a\gAxis01a.apt"
    LogicalPath="gAxis01obj.gAxis01a.gAxis01a.apt"
    Type="File"
    LastWriteTime="132938865400000000"
    Private="false" />
  <Object
    Path="C:\Users\admin\Desktop\lab4\Logical\gAxis01obj\gAxis01i\Ax.dob"
    LogicalPath="gAxis01obj.gAxis01i"
    Type="DataObject"
    LastWriteTime="132938865400000000" />
  <Object
    Path="C:\Users\admin\Desktop\lab4\Logical\gAxis01obj\gAxis01i\gAxis01i.ax"
    LogicalPath="gAxis01obj.gAxis01i.gAxis01i.ax"
    Type="File"
    LastWriteTime="132938865400000000"
    Private="false" />
  <Object
    Path="C:\Users\admin\Desktop\lab4\Logical\Visu\Vc.dob"
    LogicalPath="Visu"
    Type="DataObject"
    LastWriteTime="132938868580000000" />
  <Object
    Path="C:\Users\admin\Desktop\lab4\Logical\Visu\VCObject.vc"
    LogicalPath="Visu.VCObject.vc"
    Type="File"
    LastWriteTime="132938868580000000"
    Private="false" />
  <Object
    Path="C:\Users\admin\Desktop\lab4\Logical\Program_LED\ANSIC.prg"
    LogicalPath="Program_LED"
    Type="Program"
    LastWriteTime="132938892140000000" />
  <Object
    Path="C:\Users\admin\Desktop\lab4\Logical\Program_LED\Main.c"
    LogicalPath="Program_LED.Main.c"
    Type="File"
    LastWriteTime="132938921568860741"
    Private="false" />
  <Object
    Path="C:\Users\admin\Desktop\lab4\Logical\Program_LED\Types.typ"
    LogicalPath="Program_LED.Types.typ"
    Type="File"
    LastWriteTime="132938892140000000"
    Private="true" />
  <Object
    Path="C:\Users\admin\Desktop\lab4\Logical\Program_LED\Variables.var"
    LogicalPath="Program_LED.Variables.var"
    Type="File"
    LastWriteTime="132938892140000000"
    Private="true" />
  <Object
    Path="C:\Users\admin\Desktop\lab4\Logical\drive_control\ANSIC.prg"
    LogicalPath="drive_control"
    Type="Program"
    LastWriteTime="132938952081333543" />
  <Object
    Path="C:\Users\admin\Desktop\lab4\Logical\drive_control\Main.c"
    LogicalPath="drive_control.Main.c"
    Type="File"
    LastWriteTime="132938952894220370"
    Private="false" />
  <Object
    Path="C:\Users\admin\Desktop\lab4\Logical\drive_control\Types.typ"
    LogicalPath="drive_control.Types.typ"
    Type="File"
    LastWriteTime="132938952081303525"
    Private="true" />
  <Object
    Path="C:\Users\admin\Desktop\lab4\Logical\drive_control\Variables.var"
    LogicalPath="drive_control.Variables.var"
    Type="File"
    LastWriteTime="132938952081323734"
    Private="true" />
  <Object
    Path="C:\Users\admin\Desktop\lab4\Physical\labBR\Config.pkg"
    LogicalPath="labBR"
    Type="Configuration.ParentUnknown"
    LastWriteTime="132938855940000000" />
  <Object
    Path="C:\Users\admin\Desktop\lab4\Physical\labBR\Hardware.hw"
    LogicalPath="labBR.Hardware.hw"
    Type="File"
    LastWriteTime="132938948722096922"
    Private="false" />
  <Object
    Path="C:\Users\admin\Desktop\lab4\Physical\labBR\Hardware.hwl"
    LogicalPath="labBR.Hardware.hwl"
    Type="File"
    LastWriteTime="132938924245510312"
    Private="false" />
  <Object
    Path="C:\Users\admin\Desktop\lab4\Physical\labBR\4PP065_0571_P74\Cpu.pkg"
    LogicalPath="labBR.4PP065_0571_P74"
    Type="Cpu"
    LastWriteTime="132938861000000000" />
  <Object
    Path="C:\Users\admin\Desktop\lab4\Physical\labBR\4PP065_0571_P74\Cpu.sw"
    LogicalPath="labBR.4PP065_0571_P74.Cpu.sw"
    Type="File"
    LastWriteTime="132938952160113080"
    Private="false" />
  <Object
    Path="C:\Users\admin\Desktop\lab4\Physical\labBR\4PP065_0571_P74\Cpu.per"
    LogicalPath="labBR.4PP065_0571_P74.Cpu.per"
    Type="File"
    LastWriteTime="132938855920000000"
    Private="false" />
  <Object
    Path="C:\Users\admin\Desktop\lab4\Physical\labBR\4PP065_0571_P74\IoMap.iom"
    LogicalPath="labBR.4PP065_0571_P74.IoMap.iom"
    Type="File"
    LastWriteTime="132938960592326227"
    Private="false" />
  <Object
    Path="C:\Users\admin\Desktop\lab4\Physical\labBR\4PP065_0571_P74\PvMap.vvm"
    LogicalPath="labBR.4PP065_0571_P74.PvMap.vvm"
    Type="File"
    LastWriteTime="132938855920000000"
    Private="false" />
  <Object
    Path="C:\Users\admin\Desktop\lab4\Physical\labBR\4PP065_0571_P74\Connectivity\Package.pkg"
    LogicalPath="labBR.4PP065_0571_P74.Connectivity"
    Type="Package"
    LastWriteTime="132938855920000000" />
  <Object
    Path="C:\Users\admin\Desktop\lab4\Physical\labBR\4PP065_0571_P74\Connectivity\OpcUA\Package.pkg"
    LogicalPath="labBR.4PP065_0571_P74.Connectivity.OpcUA"
    Type="Package"
    LastWriteTime="132938855920000000" />
  <Object
    Path="C:\Users\admin\Desktop\lab4\Physical\labBR\4PP065_0571_P74\TextSystem\Package.pkg"
    LogicalPath="labBR.4PP065_0571_P74.TextSystem"
    Type="Package"
    LastWriteTime="132938855920000000" />
  <Object
    Path="C:\Users\admin\Desktop\lab4\Physical\labBR\4PP065_0571_P74\UnitSystem\Package.pkg"
    LogicalPath="labBR.4PP065_0571_P74.UnitSystem"
    Type="Package"
    LastWriteTime="132938855920000000" />
  <Object
    Path="C:\Users\admin\Desktop\lab4\Physical\labBR\4PP065_0571_P74\AccessAndSecurity\Package.pkg"
    LogicalPath="labBR.4PP065_0571_P74.AccessAndSecurity"
    Type="Package"
    LastWriteTime="132938855920000000" />
  <Object
    Path="C:\Users\admin\Desktop\lab4\Physical\labBR\4PP065_0571_P74\AccessAndSecurity\UserRoleSystem\Package.pkg"
    LogicalPath="labBR.4PP065_0571_P74.AccessAndSecurity.UserRoleSystem"
    Type="Package"
    LastWriteTime="132938855920000000" />
  <Object
    Path="C:\Users\admin\Desktop\lab4\Physical\labBR\4PP065_0571_P74\AccessAndSecurity\UserRoleSystem\Role.role"
    LogicalPath="labBR.4PP065_0571_P74.AccessAndSecurity.UserRoleSystem.Role.role"
    Type="File"
    LastWriteTime="132938855920000000"
    Private="false" />
  <Object
    Path="C:\Users\admin\Desktop\lab4\Physical\labBR\4PP065_0571_P74\AccessAndSecurity\UserRoleSystem\User.user"
    LogicalPath="labBR.4PP065_0571_P74.AccessAndSecurity.UserRoleSystem.User.user"
    Type="File"
    LastWriteTime="132938855920000000"
    Private="false" />
  <Object
    Path="C:\Users\admin\Desktop\lab4\Physical\labBR\4PP065_0571_P74\AccessAndSecurity\CertificateStore\Package.pkg"
    LogicalPath="labBR.4PP065_0571_P74.AccessAndSecurity.CertificateStore"
    Type="Package"
    LastWriteTime="132938855920000000" />
  <Object
    Path="C:\Users\admin\Desktop\lab4\Physical\labBR\4PP065_0571_P74\AccessAndSecurity\CertificateStore\OwnCertificates\Package.pkg"
    LogicalPath="labBR.4PP065_0571_P74.AccessAndSecurity.CertificateStore.OwnCertificates"
    Type="Package"
    LastWriteTime="132938855920000000" />
  <Object
    Path="C:\Users\admin\Desktop\lab4\Physical\labBR\4PP065_0571_P74\AccessAndSecurity\CertificateStore\OwnCertificates\Certificates\Package.pkg"
    LogicalPath="labBR.4PP065_0571_P74.AccessAndSecurity.CertificateStore.OwnCertificates.Certificates"
    Type="Package"
    LastWriteTime="132938855920000000" />
  <Object
    Path="C:\Users\admin\Desktop\lab4\Physical\labBR\4PP065_0571_P74\AccessAndSecurity\CertificateStore\OwnCertificates\PrivateKeys\Package.pkg"
    LogicalPath="labBR.4PP065_0571_P74.AccessAndSecurity.CertificateStore.OwnCertificates.PrivateKeys"
    Type="Package"
    LastWriteTime="132938855920000000" />
  <Object
    Path="C:\Users\admin\Desktop\lab4\Physical\labBR\4PP065_0571_P74\AccessAndSecurity\CertificateStore\ThirdPartyCertificates\Package.pkg"
    LogicalPath="labBR.4PP065_0571_P74.AccessAndSecurity.CertificateStore.ThirdPartyCertificates"
    Type="Package"
    LastWriteTime="132938855920000000" />
  <Object
    Path="C:\Users\admin\Desktop\lab4\Physical\labBR\4PP065_0571_P74\AccessAndSecurity\CertificateStore\ThirdPartyCertificates\SoftwareCertificates\Package.pkg"
    LogicalPath="labBR.4PP065_0571_P74.AccessAndSecurity.CertificateStore.ThirdPartyCertificates.SoftwareCertificates"
    Type="Package"
    LastWriteTime="132938855920000000" />
  <Object
    Path="C:\Users\admin\Desktop\lab4\Physical\labBR\4PP065_0571_P74\AccessAndSecurity\CertificateStore\CertificateRevocationLists\Package.pkg"
    LogicalPath="labBR.4PP065_0571_P74.AccessAndSecurity.CertificateStore.CertificateRevocationLists"
    Type="Package"
    LastWriteTime="132938855920000000" />
  <Object
    Path="C:\Users\admin\Desktop\lab4\Physical\labBR\4PP065_0571_P74\AccessAndSecurity\CertificateStore\CertificateSigningRequests\Package.pkg"
    LogicalPath="labBR.4PP065_0571_P74.AccessAndSecurity.CertificateStore.CertificateSigningRequests"
    Type="Package"
    LastWriteTime="132938855920000000" />
  <Object
    Path="C:\Users\admin\Desktop\lab4\Physical\labBR\4PP065_0571_P74\AccessAndSecurity\TransportLayerSecurity\Package.pkg"
    LogicalPath="labBR.4PP065_0571_P74.AccessAndSecurity.TransportLayerSecurity"
    Type="Package"
    LastWriteTime="132938855920000000" />
  <Object
    Path="C:\Users\admin\Desktop\lab4\Physical\labBR\4PP065_0571_P74\mappControl\Package.pkg"
    LogicalPath="labBR.4PP065_0571_P74.mappControl"
    Type="Package"
    LastWriteTime="132938855920000000" />
  <Object
    Path="C:\Users\admin\Desktop\lab4\Physical\labBR\4PP065_0571_P74\mappMotion\Package.pkg"
    LogicalPath="labBR.4PP065_0571_P74.mappMotion"
    Type="Package"
    LastWriteTime="132938855920000000" />
  <Object
    Path="C:\Users\admin\Desktop\lab4\Physical\labBR\4PP065_0571_P74\mappServices\Package.pkg"
    LogicalPath="labBR.4PP065_0571_P74.mappServices"
    Type="Package"
    LastWriteTime="132938855940000000" />
  <Object
    Path="C:\Users\admin\Desktop\lab4\Physical\labBR\4PP065_0571_P74\mappView\Package.pkg"
    LogicalPath="labBR.4PP065_0571_P74.mappView"
    Type="Package"
    LastWriteTime="132938855940000000" />
  <Object
    Path="C:\Users\admin\Desktop\lab4\Physical\labBR\4PP065_0571_P74\mappCockpit\Package.pkg"
    LogicalPath="labBR.4PP065_0571_P74.mappCockpit"
    Type="Package"
    LastWriteTime="132938855940000000" />
  <Object
    Path="C:\Users\admin\Desktop\lab4\Physical\labBR\4PP065_0571_P74\Motion\Package.pkg"
    LogicalPath="labBR.4PP065_0571_P74.Motion"
    Type="Package"
    LastWriteTime="132938861040000000" />
  <Object
    Path="C:\Users\admin\Desktop\lab4\Physical\labBR\4PP065_0571_P74\Motion\Acp10map.ncm"
    LogicalPath="labBR.4PP065_0571_P74.Motion.Acp10map.ncm"
    Type="File"
    LastWriteTime="132938865380000000"
    Private="false" />
  <Object
    Path="C:\Users\admin\Desktop\lab4\Physical\labBR\4PP065_0571_P74\Motion\Acp10cfg.ncc"
    LogicalPath="labBR.4PP065_0571_P74.Motion.Acp10cfg.ncc"
    Type="File"
    LastWriteTime="132938861120000000"
    Private="false" />
  <Object
    Path="C:\Users\admin\Desktop\lab4\Physical\labBR\4PP065_0571_P74\Motion\Acp10sys.br"
    LogicalPath="labBR.4PP065_0571_P74.Motion.Acp10sys.br"
    Type="File"
    LastWriteTime="132938861040000000"
    Private="false" />
  <Object
    Path="C:\Users\admin\Desktop\lab4\Physical\labBR\Hardware.jpg"
    LogicalPath="labBR.Hardware.jpg"
    Type="File"
    LastWriteTime="132938965954590026"
    Private="false" />
</Objects>